src/components/LoginSheet.tsx(9,44): error TS2305: Module '"lucide-react"' has no exported member 'Instagram'.
